D:/Galaga/Galaga/Core/Src/main.c:980:13:SPI5_Write	16	static
D:/Galaga/Galaga/Core/Src/main.c:1092:6:StartDefaultTask	16	static
D:/Galaga/Galaga/Core/Src/main.c:168:5:_write	8	static
D:/Galaga/Galaga/Core/Src/main.c:276:6:SystemClock_Config	96	static
D:/Galaga/Galaga/Core/Src/main.c:178:5:main	120	static
D:/Galaga/Galaga/Core/Src/main.c:824:6:IOE_Init	0	static
D:/Galaga/Galaga/Core/Src/main.c:833:6:IOE_ITConfig	0	static
D:/Galaga/Galaga/Core/Src/main.c:845:6:IOE_Write	32	static
D:/Galaga/Galaga/Core/Src/main.c:856:9:IOE_Read	32	static
D:/Galaga/Galaga/Core/Src/main.c:869:10:IOE_ReadMultiple	24	static
D:/Galaga/Galaga/Core/Src/main.c:878:6:IOE_Delay	0	static
D:/Galaga/Galaga/Core/Src/main.c:1006:6:LCD_IO_Init	8	static
D:/Galaga/Galaga/Core/Src/main.c:1016:6:LCD_IO_WriteData	16	static
D:/Galaga/Galaga/Core/Src/main.c:1032:6:LCD_IO_WriteReg	16	static
D:/Galaga/Galaga/Core/Src/main.c:1051:10:LCD_IO_ReadData	32	static
D:/Galaga/Galaga/Core/Src/main.c:1078:6:LCD_Delay	0	static
D:/Galaga/Galaga/Core/Src/main.c:1125:6:HAL_TIM_PeriodElapsedCallback	0	static
D:/Galaga/Galaga/Core/Src/main.c:1143:6:Error_Handler	0	static
