D:/Galaga/Galaga/Core/Src/main.c:992:13:SPI5_Write	16	static
D:/Galaga/Galaga/Core/Src/main.c:1102:6:StartDefaultTask	16	static
D:/Galaga/Galaga/Core/Src/main.c:171:5:_write	8	static
D:/Galaga/Galaga/Core/Src/main.c:281:6:SystemClock_Config	96	static
D:/Galaga/Galaga/Core/Src/main.c:181:5:main	120	static
D:/Galaga/Galaga/Core/Src/main.c:848:6:IOE_Init	0	static
D:/Galaga/Galaga/Core/Src/main.c:856:6:IOE_ITConfig	0	static
D:/Galaga/Galaga/Core/Src/main.c:867:6:IOE_Write	32	static
D:/Galaga/Galaga/Core/Src/main.c:877:9:IOE_Read	32	static
D:/Galaga/Galaga/Core/Src/main.c:889:10:IOE_ReadMultiple	24	static
D:/Galaga/Galaga/Core/Src/main.c:898:6:IOE_Delay	0	static
D:/Galaga/Galaga/Core/Src/main.c:1014:6:LCD_IO_Init	8	static
D:/Galaga/Galaga/Core/Src/main.c:1023:6:LCD_IO_WriteData	16	static
D:/Galaga/Galaga/Core/Src/main.c:1038:6:LCD_IO_WriteReg	16	static
D:/Galaga/Galaga/Core/Src/main.c:1056:10:LCD_IO_ReadData	32	static
D:/Galaga/Galaga/Core/Src/main.c:1082:6:LCD_Delay	0	static
D:/Galaga/Galaga/Core/Src/main.c:1086:6:HAL_ADC_ConvCpltCallback	8	static
D:/Galaga/Galaga/Core/Src/main.c:1135:6:HAL_TIM_PeriodElapsedCallback	0	static
D:/Galaga/Galaga/Core/Src/main.c:1153:6:Error_Handler	0	static
