D:/Downloads/Galaga-STM32F429-dev-anhdt/Core/Src/main.c:1094:13:SPI5_Write	16	static
D:/Downloads/Galaga-STM32F429-dev-anhdt/Core/Src/main.c:1204:6:StartDefaultTask	16	static
D:/Downloads/Galaga-STM32F429-dev-anhdt/Core/Src/main.c:176:5:_write	8	static
D:/Downloads/Galaga-STM32F429-dev-anhdt/Core/Src/main.c:289:6:SystemClock_Config	96	static
D:/Downloads/Galaga-STM32F429-dev-anhdt/Core/Src/main.c:186:5:main	120	static
D:/Downloads/Galaga-STM32F429-dev-anhdt/Core/Src/main.c:950:6:IOE_Init	0	static
D:/Downloads/Galaga-STM32F429-dev-anhdt/Core/Src/main.c:958:6:IOE_ITConfig	0	static
D:/Downloads/Galaga-STM32F429-dev-anhdt/Core/Src/main.c:969:6:IOE_Write	32	static
D:/Downloads/Galaga-STM32F429-dev-anhdt/Core/Src/main.c:979:9:IOE_Read	32	static
D:/Downloads/Galaga-STM32F429-dev-anhdt/Core/Src/main.c:991:10:IOE_ReadMultiple	24	static
D:/Downloads/Galaga-STM32F429-dev-anhdt/Core/Src/main.c:1000:6:IOE_Delay	0	static
D:/Downloads/Galaga-STM32F429-dev-anhdt/Core/Src/main.c:1116:6:LCD_IO_Init	8	static
D:/Downloads/Galaga-STM32F429-dev-anhdt/Core/Src/main.c:1125:6:LCD_IO_WriteData	16	static
D:/Downloads/Galaga-STM32F429-dev-anhdt/Core/Src/main.c:1140:6:LCD_IO_WriteReg	16	static
D:/Downloads/Galaga-STM32F429-dev-anhdt/Core/Src/main.c:1158:10:LCD_IO_ReadData	32	static
D:/Downloads/Galaga-STM32F429-dev-anhdt/Core/Src/main.c:1184:6:LCD_Delay	0	static
D:/Downloads/Galaga-STM32F429-dev-anhdt/Core/Src/main.c:1188:6:HAL_ADC_ConvCpltCallback	8	static
D:/Downloads/Galaga-STM32F429-dev-anhdt/Core/Src/main.c:1237:6:HAL_TIM_PeriodElapsedCallback	0	static
D:/Downloads/Galaga-STM32F429-dev-anhdt/Core/Src/main.c:1255:6:Error_Handler	0	static
