D:/Downloads/Galaga-STM32F429-dev-anhdt/Core/Src/main.c:1094:13:SPI5_Write	1
D:/Downloads/Galaga-STM32F429-dev-anhdt/Core/Src/main.c:1204:6:StartDefaultTask	5
D:/Downloads/Galaga-STM32F429-dev-anhdt/Core/Src/main.c:176:5:_write	1
D:/Downloads/Galaga-STM32F429-dev-anhdt/Core/Src/main.c:289:6:SystemClock_Config	1
D:/Downloads/Galaga-STM32F429-dev-anhdt/Core/Src/main.c:186:5:main	2
D:/Downloads/Galaga-STM32F429-dev-anhdt/Core/Src/main.c:950:6:IOE_Init	1
D:/Downloads/Galaga-STM32F429-dev-anhdt/Core/Src/main.c:958:6:IOE_ITConfig	1
D:/Downloads/Galaga-STM32F429-dev-anhdt/Core/Src/main.c:969:6:IOE_Write	1
D:/Downloads/Galaga-STM32F429-dev-anhdt/Core/Src/main.c:979:9:IOE_Read	1
D:/Downloads/Galaga-STM32F429-dev-anhdt/Core/Src/main.c:991:10:IOE_ReadMultiple	1
D:/Downloads/Galaga-STM32F429-dev-anhdt/Core/Src/main.c:1000:6:IOE_Delay	1
D:/Downloads/Galaga-STM32F429-dev-anhdt/Core/Src/main.c:1116:6:LCD_IO_Init	1
D:/Downloads/Galaga-STM32F429-dev-anhdt/Core/Src/main.c:1125:6:LCD_IO_WriteData	1
D:/Downloads/Galaga-STM32F429-dev-anhdt/Core/Src/main.c:1140:6:LCD_IO_WriteReg	1
D:/Downloads/Galaga-STM32F429-dev-anhdt/Core/Src/main.c:1158:10:LCD_IO_ReadData	1
D:/Downloads/Galaga-STM32F429-dev-anhdt/Core/Src/main.c:1184:6:LCD_Delay	1
D:/Downloads/Galaga-STM32F429-dev-anhdt/Core/Src/main.c:1188:6:HAL_ADC_ConvCpltCallback	2
D:/Downloads/Galaga-STM32F429-dev-anhdt/Core/Src/main.c:1237:6:HAL_TIM_PeriodElapsedCallback	2
D:/Downloads/Galaga-STM32F429-dev-anhdt/Core/Src/main.c:1255:6:Error_Handler	1
