D:/Downloads/Galaga-STM32F429-dev-anhdt/Core/Src/stm32f4xx_hal_msp.c:66:6:HAL_MspInit	8	static
D:/Downloads/Galaga-STM32F429-dev-anhdt/Core/Src/stm32f4xx_hal_msp.c:91:6:HAL_ADC_MspInit	40	static
D:/Downloads/Galaga-STM32F429-dev-anhdt/Core/Src/stm32f4xx_hal_msp.c:128:6:HAL_ADC_MspDeInit	8	static
D:/Downloads/Galaga-STM32F429-dev-anhdt/Core/Src/stm32f4xx_hal_msp.c:158:6:HAL_CRC_MspInit	8	static
D:/Downloads/Galaga-STM32F429-dev-anhdt/Core/Src/stm32f4xx_hal_msp.c:181:6:HAL_CRC_MspDeInit	0	static
D:/Downloads/Galaga-STM32F429-dev-anhdt/Core/Src/stm32f4xx_hal_msp.c:203:6:HAL_DMA2D_MspInit	16	static
D:/Downloads/Galaga-STM32F429-dev-anhdt/Core/Src/stm32f4xx_hal_msp.c:229:6:HAL_DMA2D_MspDeInit	0	static
D:/Downloads/Galaga-STM32F429-dev-anhdt/Core/Src/stm32f4xx_hal_msp.c:254:6:HAL_I2C_MspInit	64	static
D:/Downloads/Galaga-STM32F429-dev-anhdt/Core/Src/stm32f4xx_hal_msp.c:303:6:HAL_I2C_MspDeInit	8	static
D:/Downloads/Galaga-STM32F429-dev-anhdt/Core/Src/stm32f4xx_hal_msp.c:334:6:HAL_LTDC_MspInit	120	static
D:/Downloads/Galaga-STM32F429-dev-anhdt/Core/Src/stm32f4xx_hal_msp.c:460:6:HAL_LTDC_MspDeInit	8	static
D:/Downloads/Galaga-STM32F429-dev-anhdt/Core/Src/stm32f4xx_hal_msp.c:522:6:HAL_RNG_MspInit	8	static
D:/Downloads/Galaga-STM32F429-dev-anhdt/Core/Src/stm32f4xx_hal_msp.c:545:6:HAL_RNG_MspDeInit	0	static
D:/Downloads/Galaga-STM32F429-dev-anhdt/Core/Src/stm32f4xx_hal_msp.c:567:6:HAL_SPI_MspInit	40	static
D:/Downloads/Galaga-STM32F429-dev-anhdt/Core/Src/stm32f4xx_hal_msp.c:605:6:HAL_SPI_MspDeInit	0	static
D:/Downloads/Galaga-STM32F429-dev-anhdt/Core/Src/stm32f4xx_hal_msp.c:635:6:HAL_TIM_Base_MspInit	8	static
D:/Downloads/Galaga-STM32F429-dev-anhdt/Core/Src/stm32f4xx_hal_msp.c:658:6:HAL_TIM_PWM_MspInit	8	static
D:/Downloads/Galaga-STM32F429-dev-anhdt/Core/Src/stm32f4xx_hal_msp.c:675:6:HAL_TIM_MspPostInit	32	static
D:/Downloads/Galaga-STM32F429-dev-anhdt/Core/Src/stm32f4xx_hal_msp.c:707:6:HAL_TIM_Base_MspDeInit	0	static
D:/Downloads/Galaga-STM32F429-dev-anhdt/Core/Src/stm32f4xx_hal_msp.c:729:6:HAL_TIM_PWM_MspDeInit	0	static
D:/Downloads/Galaga-STM32F429-dev-anhdt/Core/Src/stm32f4xx_hal_msp.c:751:6:HAL_UART_MspInit	40	static
D:/Downloads/Galaga-STM32F429-dev-anhdt/Core/Src/stm32f4xx_hal_msp.c:788:6:HAL_UART_MspDeInit	0	static
D:/Downloads/Galaga-STM32F429-dev-anhdt/Core/Src/stm32f4xx_hal_msp.c:919:6:HAL_SDRAM_MspInit	48	static
D:/Downloads/Galaga-STM32F429-dev-anhdt/Core/Src/stm32f4xx_hal_msp.c:1005:6:HAL_SDRAM_MspDeInit	8	static
