../../Middlewares/ST/touchgfx/framework/include/touchgfx/Drawable.hpp:147:23:virtual touchgfx::Drawable* touchgfx::Drawable::getFirstChild()	0	static
../../Middlewares/ST/touchgfx/framework/include/touchgfx/Drawable.hpp:315:18:virtual void touchgfx::Drawable::setX(int16_t)	0	static
../../Middlewares/ST/touchgfx/framework/include/touchgfx/Drawable.hpp:327:18:virtual void touchgfx::Drawable::setY(int16_t)	0	static
../../Middlewares/ST/touchgfx/framework/include/touchgfx/Drawable.hpp:356:18:virtual void touchgfx::Drawable::setWidth(int16_t)	0	static
../../Middlewares/ST/touchgfx/framework/include/touchgfx/Drawable.hpp:368:18:virtual void touchgfx::Drawable::setHeight(int16_t)	0	static
../../Middlewares/ST/touchgfx/framework/include/touchgfx/Drawable.hpp:378:18:virtual void touchgfx::Drawable::childGeometryChanged()	0	static
../../Middlewares/ST/touchgfx/framework/include/touchgfx/Drawable.hpp:389:18:virtual void touchgfx::Drawable::handleClickEvent(const touchgfx::ClickEvent&)	0	static
../../Middlewares/ST/touchgfx/framework/include/touchgfx/Drawable.hpp:401:18:virtual void touchgfx::Drawable::handleGestureEvent(const touchgfx::GestureEvent&)	0	static
../../Middlewares/ST/touchgfx/framework/include/touchgfx/Drawable.hpp:490:18:virtual void touchgfx::Drawable::handleDragEvent(const touchgfx::DragEvent&)	0	static
../../Middlewares/ST/touchgfx/framework/include/touchgfx/Drawable.hpp:501:18:virtual void touchgfx::Drawable::handleTickEvent()	0	static
../../Middlewares/ST/touchgfx/framework/include/touchgfx/Drawable.hpp:588:18:virtual void touchgfx::Drawable::moveTo(int16_t, int16_t)	4	static
../../Middlewares/ST/touchgfx/framework/include/touchgfx/Drawable.hpp:703:18:virtual void touchgfx::Drawable::setupDrawChain(const touchgfx::Rect&, touchgfx::Drawable**)	0	static
../../Middlewares/ST/touchgfx/framework/include/touchgfx/Screen.hpp:104:18:virtual void touchgfx::Screen::afterTransition()	0	static
../../Middlewares/ST/touchgfx/framework/include/touchgfx/Screen.hpp:154:18:virtual void touchgfx::Screen::handleKeyEvent(uint8_t)	0	static
D:/Downloads/Galaga-STM32F429-dev-anhdt/TouchGFX/gui/src/gamescreen_screen/GameScreenView.cpp:146:6:virtual void GameScreenView::tearDownScreen()	0	static
../../TouchGFX/gui/include/gui/gamescreen_screen/GameScreenView.hpp:25:10:GameScreenView::~GameScreenView()	16	static
../../TouchGFX/gui/include/gui/gamescreen_screen/GameScreenView.hpp:25:10:virtual GameScreenView::~GameScreenView()	8	static
../../Middlewares/ST/touchgfx/framework/include/touchgfx/Drawable.hpp:121:18:virtual void touchgfx::Drawable::invalidateContent() const	0	static
../../Middlewares/ST/touchgfx/framework/include/touchgfx/widgets/Widget.hpp:45:18:virtual void touchgfx::Widget::getLastChild(int16_t, int16_t, touchgfx::Drawable**)	0	static
../../Middlewares/ST/touchgfx/framework/include/touchgfx/Drawable.hpp:343:10:void touchgfx::Drawable::setXY(int16_t, int16_t)	16	static
../../Middlewares/ST/touchgfx/framework/include/touchgfx/widgets/Image.hpp:50:5:touchgfx::Image::Image(const touchgfx::Bitmap&)	8	static
D:/Downloads/Galaga-STM32F429-dev-anhdt/TouchGFX/gui/src/gamescreen_screen/GameScreenView.cpp:498:6:void GameScreenView::startTone(uint32_t)	0	static
D:/Downloads/Galaga-STM32F429-dev-anhdt/TouchGFX/gui/src/gamescreen_screen/GameScreenView.cpp:505:6:void GameScreenView::stopTone()	0	static
D:/Downloads/Galaga-STM32F429-dev-anhdt/TouchGFX/gui/src/gamescreen_screen/GameScreenView.cpp:509:6:void GameScreenView::playToneSequence(const uint32_t*, const uint16_t*, uint8_t)	4	static
D:/Downloads/Galaga-STM32F429-dev-anhdt/TouchGFX/gui/src/gamescreen_screen/GameScreenView.cpp:518:6:void GameScreenView::playFireSound()	0	static
D:/Downloads/Galaga-STM32F429-dev-anhdt/TouchGFX/gui/src/gamescreen_screen/GameScreenView.cpp:523:6:void GameScreenView::playEnemyDieSound()	0	static
D:/Downloads/Galaga-STM32F429-dev-anhdt/TouchGFX/gui/src/gamescreen_screen/GameScreenView.cpp:528:6:void GameScreenView::playShipDieSound()	0	static
D:/Downloads/Galaga-STM32F429-dev-anhdt/TouchGFX/gui/src/gamescreen_screen/GameScreenView.cpp:149:6:virtual void GameScreenView::handleTickEvent()	64	static
D:/Downloads/Galaga-STM32F429-dev-anhdt/TouchGFX/gui/src/gamescreen_screen/GameScreenView.cpp:533:6:void GameScreenView::playEnemyFireSound()	0	static
D:/Downloads/Galaga-STM32F429-dev-anhdt/TouchGFX/gui/src/gamescreen_screen/GameScreenView.cpp:28:1:GameScreenView::GameScreenView()	80	static
D:/Downloads/Galaga-STM32F429-dev-anhdt/TouchGFX/gui/src/gamescreen_screen/GameScreenView.cpp:137:6:virtual void GameScreenView::setupScreen()	48	static
